// Jest Snapshot v1, https://goo.gl/fbAQLP

exports[`API tests should work 1`] = `
"Object {
  \\"a\\": \\"hey\\",
}"
`;
